#
# There is insufficient memory for the Java Runtime Environment to continue.
# Native memory allocation (mmap) failed to map 134217728 bytes. Error detail: G1 virtual space
# Possible reasons:
#   The system is out of physical RAM or swap space
#   This process is running with CompressedOops enabled, and the Java Heap may be blocking the growth of the native heap
# Possible solutions:
#   Reduce memory load on the system
#   Increase physical memory or swap space
#   Check if swap backing store is full
#   Decrease Java heap size (-Xmx/-Xms)
#   Decrease number of Java threads
#   Decrease Java thread stack sizes (-Xss)
#   Set larger code cache with -XX:ReservedCodeCacheSize=
#   JVM is running with Unscaled Compressed Oops mode in which the Java heap is
#     placed in the first 4GB address space. The Java Heap base address is the
#     maximum limit for the native heap growth. Please use -XX:HeapBaseMinAddress
#     to set the Java Heap base and to place the Java Heap above 4GB virtual address.
# This output file may be truncated or incomplete.
#
#  Out of Memory Error (os_windows.cpp:3766), pid=27232, tid=24864
#
# JRE version:  (25.0.2+1) (build )
# Java VM: OpenJDK 64-Bit Server VM (25.0.2+1-b329.117, mixed mode, sharing, tiered, compressed oops, compressed class ptrs, g1 gc, windows-amd64)
# No core dump will be written. Minidumps are not enabled by default on client versions of Windows
#

---------------  S U M M A R Y ------------

Command Line: -Djava.rmi.server.hostname=127.0.0.1 -Duser.timezone=UTC -Xmx2048m -Xms128m --add-exports=java.desktop/sun.awt=ALL-UNNAMED --add-exports=java.desktop/java.awt.peer=ALL-UNNAMED --add-opens=java.desktop/java.awt=ALL-UNNAMED --add-opens=jdk.unsupported/sun.misc=ALL-UNNAMED --add-opens=java.base/java.nio=ALL-UNNAMED --add-opens=java.base/java.util=ALL-UNNAMED -Dfile.encoding=UTF-8 -Dsun.stdout.encoding=UTF-8 -Dsun.stderr.encoding=UTF-8 com.intellij.database.remote.RemoteJdbcServer org.postgresql.Driver

Host: Intel(R) Core(TM) i7-8665U CPU @ 1.90GHz, 8 cores, 15G,  Windows 11 , 64 bit Build 26100 (10.0.26100.8246)
Time: Thu Apr 30 00:35:23 2026 Hora estándar central (México) elapsed time: 0.075585 seconds (0d 0h 0m 0s)

---------------  T H R E A D  ---------------

Current thread (0x0000015d7cc175f0):  JavaThread "Unknown thread" [_thread_in_vm, id=24864, stack(0x0000000730f00000,0x0000000731000000) (1024K)]

Stack: [0x0000000730f00000,0x0000000731000000]
Native frames: (J=compiled Java code, j=interpreted, Vv=VM code, C=native code)
V  [jvm.dll+0x7c0cc9]  (no source info available)
V  [jvm.dll+0x78a49d]  (no source info available)
V  [jvm.dll+0xa0e693]  (no source info available)
V  [jvm.dll+0xa10e8c]  (no source info available)
V  [jvm.dll+0xa11583]  (no source info available)
V  [jvm.dll+0x307b46]  (no source info available)
V  [jvm.dll+0x7bced5]  (no source info available)
V  [jvm.dll+0x7afe97]  (no source info available)
V  [jvm.dll+0x40159e]  (no source info available)
V  [jvm.dll+0x4093bb]  (no source info available)
V  [jvm.dll+0x3f5bf9]  (no source info available)
V  [jvm.dll+0x3f5eab]  (no source info available)
V  [jvm.dll+0x3cc053]  (no source info available)
V  [jvm.dll+0x3cccbe]  (no source info available)
V  [jvm.dll+0x9d4a07]  (no source info available)
V  [jvm.dll+0x466ce2]  (no source info available)
V  [jvm.dll+0x9b8139]  (no source info available)
V  [jvm.dll+0x508a01]  (no source info available)
V  [jvm.dll+0x50a371]  (no source info available)
C  [jli.dll+0x541a]  (no source info available)
C  [ucrtbase.dll+0x37b0]  (no source info available)
C  [KERNEL32.DLL+0x2e8d7]  (no source info available)
C  [ntdll.dll+0x8c3fc]  (no source info available)

Lock stack of current Java thread (top to bottom):


---------------  P R O C E S S  ---------------

Threads class SMR info:
_java_thread_list=0x00007fff21899108, length=0, elements={
}

Java Threads: ( => current thread )
Total: 0

Other Threads:
  0x0000015d7cc6be20 WorkerThread "GC Thread#0"                     [id=18440, stack(0x0000000731000000,0x0000000731100000) (1024K)]
  0x0000015d7cc87f10 ConcurrentGCThread "G1 Main Marker"            [id=22224, stack(0x0000000731100000,0x0000000731200000) (1024K)]
  0x0000015d7cc89900 WorkerThread "G1 Conc#0"                       [id=19816, stack(0x0000000731200000,0x0000000731300000) (1024K)]

[error occurred during error reporting (printing all threads), id 0xc0000005, EXCEPTION_ACCESS_VIOLATION (0xc0000005) at pc=0x00007fff20eb0caa]
VM state: not at safepoint (not fully initialized)

VM Mutex/Monitor currently owned by a thread:  ([mutex/lock_event])
[0x00007fff21921d10] Heap_lock - owner thread: 0x0000015d7cc175f0

Heap address: 0x0000000080000000, size: 2048 MB, Compressed Oops mode: 32-bit

CDS archive(s) mapped at: [0x0000000000000000-0x0000000000000000-0x0000000000000000), size 0, SharedBaseAddress: 0x0000000800000000, ArchiveRelocationMode: 1.
UseCompressedClassPointers 1, UseCompactObjectHeaders 0
Narrow klass pointer bits 32, Max shift 3
Narrow klass base: 0xffffffffffffffff, Narrow klass shift: -1
Encoding Range: [0xffffffffffffffff - 0x000000007fffffff), (2147483648 bytes)
Klass Range:    [0x0000000000000000 - 0x0000000000000000), (0 bytes)
Klass ID Range:  [4294967295 - 0) (1)
No protection zone.

GC Precious Log:
 CardTable entry size: 512
 Card Set container configuration: InlinePtr #cards 5 size 8 Array Of Cards #cards 10 size 36 Howl #buckets 4 coarsen threshold 1843 Howl Bitmap #cards 512 size 80 coarsen threshold 460 Card regions per heap region 1 cards per card region 2048

Heap:
 garbage-first heap   total reserved 2097152K, committed 0K, used 0K [0x0000000080000000, 0x0000000100000000)
  region size 1024K, 0 young (0K), 0 survivors (0K)

Heap Regions: E=young(eden), S=young(survivor), O=old, HS=humongous(starts), HC=humongous(continues), CS=collection set, F=free, TAMS=top-at-mark-start, PB=parsable bottom

Card table byte_map: [0x0000015d7f420000,0x0000015d7f820000] _byte_map_base: 0x0000015d7f020000

Marking Bits: (CMBitMap*) 0x0000015d7cc6f5d0
 Bits: [0x0000015d13340000, 0x0000015d15340000)

GC Heap Usage History (0 events):
No events

Metaspace Usage History (0 events):
No events

Dll operation events (1 events):
Event: 0.054 Loaded shared library C:\Program Files\JetBrains\IntelliJ IDEA 2026.1.1\jbr\bin\java.dll

Deoptimization events (0 events):
No events

Classes loaded (0 events):
No events

Classes unloaded (0 events):
No events

Classes redefined (0 events):
No events

Internal exceptions (0 events):
No events

VM Operations (0 events):
No events

Memory protections (0 events):
No events

Nmethod flushes (0 events):
No events

Events (0 events):
No events


Dynamic libraries:
0x00007ff7c2aa0000 - 0x00007ff7c2aaa000 	C:\Program Files\JetBrains\IntelliJ IDEA 2026.1.1\jbr\bin\java.exe
0x00007ff812240000 - 0x00007ff8124a7000 	C:\WINDOWS\SYSTEM32\ntdll.dll
0x00007ff8119d0000 - 0x00007ff811a99000 	C:\WINDOWS\System32\KERNEL32.DLL
0x00007ff80f1c0000 - 0x00007ff80f5b4000 	C:\WINDOWS\System32\KERNELBASE.dll
0x00007ff80be10000 - 0x00007ff80beaf000 	C:\WINDOWS\SYSTEM32\apphelp.dll
0x00007ff80ec40000 - 0x00007ff80ed8b000 	C:\WINDOWS\System32\ucrtbase.dll
0x00007ff809cd0000 - 0x00007ff809cee000 	C:\Program Files\JetBrains\IntelliJ IDEA 2026.1.1\jbr\bin\VCRUNTIME140.dll
0x00007fff20ab0000 - 0x00007fff20ac7000 	C:\Program Files\JetBrains\IntelliJ IDEA 2026.1.1\jbr\bin\jli.dll
0x00007ff8100e0000 - 0x00007ff8102a5000 	C:\WINDOWS\System32\USER32.dll
0x00007ffff6240000 - 0x00007ffff64d3000 	C:\WINDOWS\WinSxS\amd64_microsoft.windows.common-controls_6595b64144ccf1df_6.0.26100.8115_none_3e075c82e3354f9c\COMCTL32.dll
0x00007ff80f5c0000 - 0x00007ff80f5e7000 	C:\WINDOWS\System32\win32u.dll
0x00007ff810f10000 - 0x00007ff810fb9000 	C:\WINDOWS\System32\msvcrt.dll
0x00007ff810450000 - 0x00007ff81047b000 	C:\WINDOWS\System32\GDI32.dll
0x00007ff80eb10000 - 0x00007ff80ec3b000 	C:\WINDOWS\System32\gdi32full.dll
0x00007ff80ee20000 - 0x00007ff80eec3000 	C:\WINDOWS\System32\msvcp_win.dll
0x00007ff811940000 - 0x00007ff811972000 	C:\WINDOWS\System32\IMM32.DLL
0x00007ff809d50000 - 0x00007ff809d5c000 	C:\Program Files\JetBrains\IntelliJ IDEA 2026.1.1\jbr\bin\vcruntime140_1.dll
0x00007fffef650000 - 0x00007fffef6d9000 	C:\Program Files\JetBrains\IntelliJ IDEA 2026.1.1\jbr\bin\msvcp140.dll
0x00007fff20ad0000 - 0x00007fff21a22000 	C:\Program Files\JetBrains\IntelliJ IDEA 2026.1.1\jbr\bin\server\jvm.dll
0x00007ff8105a0000 - 0x00007ff810656000 	C:\WINDOWS\System32\ADVAPI32.dll
0x00007ff810e60000 - 0x00007ff810f07000 	C:\WINDOWS\System32\sechost.dll
0x00007ff812060000 - 0x00007ff812178000 	C:\WINDOWS\System32\RPCRT4.dll
0x00007ff810660000 - 0x00007ff8106e0000 	C:\WINDOWS\System32\WS2_32.dll
0x00007ff80e970000 - 0x00007ff80e9ce000 	C:\WINDOWS\SYSTEM32\POWRPROF.dll
0x00007fffef5e0000 - 0x00007fffef616000 	C:\WINDOWS\SYSTEM32\WINMM.dll
0x00007ff801840000 - 0x00007ff80184b000 	C:\WINDOWS\SYSTEM32\VERSION.dll
0x00007ff80e950000 - 0x00007ff80e964000 	C:\WINDOWS\SYSTEM32\UMPDC.dll
0x00007ff80d860000 - 0x00007ff80d87b000 	C:\WINDOWS\SYSTEM32\kernel.appcore.dll
0x00007ff809cc0000 - 0x00007ff809cca000 	C:\Program Files\JetBrains\IntelliJ IDEA 2026.1.1\jbr\bin\jimage.dll
0x00007ff80c950000 - 0x00007ff80cb92000 	C:\WINDOWS\SYSTEM32\DBGHELP.DLL
0x00007ff8115b0000 - 0x00007ff811932000 	C:\WINDOWS\System32\combase.dll
0x00007ff811aa0000 - 0x00007ff811b78000 	C:\WINDOWS\System32\OLEAUT32.dll
0x00007fffeee80000 - 0x00007fffeeebb000 	C:\WINDOWS\SYSTEM32\dbgcore.DLL
0x00007ff80ff20000 - 0x00007ff80ffc5000 	C:\WINDOWS\System32\bcryptPrimitives.dll
0x00007ff809c90000 - 0x00007ff809caf000 	C:\Program Files\JetBrains\IntelliJ IDEA 2026.1.1\jbr\bin\java.dll
0x00007ff8102b0000 - 0x00007ff810447000 	C:\WINDOWS\System32\ole32.dll
0x00007ff8106f0000 - 0x00007ff810e57000 	C:\WINDOWS\System32\SHELL32.dll
0x00007ff80f050000 - 0x00007ff80f1ba000 	C:\WINDOWS\System32\wintypes.dll

JVMTI agents: none

dbghelp: loaded successfully - version: 4.0.5 - missing functions: none
symbol engine: initialized successfully - sym options: 0x614 - pdb path: .;C:\Program Files\JetBrains\IntelliJ IDEA 2026.1.1\jbr\bin;C:\WINDOWS\SYSTEM32;C:\WINDOWS\WinSxS\amd64_microsoft.windows.common-controls_6595b64144ccf1df_6.0.26100.8115_none_3e075c82e3354f9c;C:\Program Files\JetBrains\IntelliJ IDEA 2026.1.1\jbr\bin\server

VM Arguments:
jvm_args: -Djava.rmi.server.hostname=127.0.0.1 -Duser.timezone=UTC -Xmx2048m -Xms128m --add-exports=java.desktop/sun.awt=ALL-UNNAMED --add-exports=java.desktop/java.awt.peer=ALL-UNNAMED --add-opens=java.desktop/java.awt=ALL-UNNAMED --add-opens=jdk.unsupported/sun.misc=ALL-UNNAMED --add-opens=java.base/java.nio=ALL-UNNAMED --add-opens=java.base/java.util=ALL-UNNAMED -Dfile.encoding=UTF-8 -Dsun.stdout.encoding=UTF-8 -Dsun.stderr.encoding=UTF-8 
java_command: com.intellij.database.remote.RemoteJdbcServer org.postgresql.Driver
java_class_path (initial): C:\Program Files\JetBrains\IntelliJ IDEA 2026.1.1\lib\util_rt.jar;C:\Program Files\JetBrains\IntelliJ IDEA 2026.1.1\lib\intellij.libraries.fastutil.jar;C:\Program Files\JetBrains\IntelliJ IDEA 2026.1.1\lib\groovy.jar;C:\Program Files\JetBrains\IntelliJ IDEA 2026.1.1\plugins\DatabaseTools\lib\modules\intellij.database.jdbcConsole.jar;C:\Program Files\JetBrains\IntelliJ IDEA 2026.1.1\lib\intellij.grid.types.jar;C:\Program Files\JetBrains\IntelliJ IDEA 2026.1.1\lib\intellij.libraries.jbr.jar;C:\Program Files\JetBrains\IntelliJ IDEA 2026.1.1\lib\intellij.libraries.bouncy.castle.provider.jar
Launcher Type: SUN_STANDARD

[Global flags]
     intx CICompilerCount                          = 4                                         {product} {ergonomic}
     uint ConcGCThreads                            = 2                                         {product} {ergonomic}
     uint G1ConcRefinementThreads                  = 8                                         {product} {ergonomic}
   size_t G1HeapRegionSize                         = 1048576                                   {product} {ergonomic}
   size_t InitialHeapSize                          = 134217728                                 {product} {command line}
   size_t MarkStackSize                            = 4194304                                   {product} {ergonomic}
   size_t MarkStackSizeMax                         = 536870912                                 {product} {ergonomic}
   size_t MaxHeapSize                              = 2147483648                                {product} {command line}
   size_t MinHeapDeltaBytes                        = 1048576                                   {product} {ergonomic}
   size_t MinHeapSize                              = 134217728                                 {product} {command line}
    uintx NonNMethodCodeHeapSize                   = 5832704                                {pd product} {ergonomic}
    uintx NonProfiledCodeHeapSize                  = 122945536                              {pd product} {ergonomic}
    uintx ProfiledCodeHeapSize                     = 122880000                              {pd product} {ergonomic}
    uintx ReservedCodeCacheSize                    = 251658240                              {pd product} {ergonomic}
     bool SegmentedCodeCache                       = true                                      {product} {ergonomic}
   size_t SoftMaxHeapSize                          = 2147483648                             {manageable} {ergonomic}
     bool UseCompressedOops                        = true                           {product lp64_product} {ergonomic}
     bool UseG1GC                                  = true                                      {product} {ergonomic}
     bool UseLargePagesIndividualAllocation        = false                                  {pd product} {ergonomic}

Logging:
Log output configuration:
 #0: stdout all=warning uptime,level,tags foldmultilines=false
 #1: stderr all=off uptime,level,tags foldmultilines=false

Release file:
<release file has not been read>
Environment Variables:
JAVA_HOME=C:\Program Files\Java\jdk-21
PATH=C:\Program Files\Java\jdk-21\bin;C:\Program Files\Eclipse Adoptium\jdk-11.0.29.7-hotspot\bin;C:\Program Files\Eclipse Adoptium\jdk-25.0.1.8-hotspot\bin;C:\Python313\Scripts\;C:\Python313\;C:\FundamentosBaseDatos\bin;C:\Program Files\Common Files\Oracle\Java\javapath;C:\Program Files (x86)\Common Files\Oracle\Java\java8path;C:\Program Files (x86)\Common Files\Oracle\Java\javapath;C:\WINDOWS\system32;C:\WINDOWS;C:\WINDOWS\System32\Wbem;C:\WINDOWS\System32\WindowsPowerShell\v1.0\;C:\WINDOWS\System32\OpenSSH\;C:\Program Files\dotnet\;C:\Program Files\MATLAB\R2024b\bin;C:\Program Files (x86)\Windows Kits\10\Windows Performance Toolkit\;C:\MinGW\bin;C:\ProgramData\chocolatey\bin;C:\Program Files\Git\cmd;C:\xampp\php;C:\ProgramData\ComposerSetup\bin;C:\Program Files\PuTTY\;C:\Program Files\swipl\bin;C:\Maven\apache-maven-3.9.11\bin;C:\Program Files\nodejs\;C:\Program Files\Docker\Docker\resources\bin;C:\Program Files\SQLite;C:\Users\Hp EliteBook\.config\herd-lite\bin;C:\Users\Hp EliteBook\AppData\Local\Programs\Python\Python312;C:\Users\Hp EliteBook\AppData\Local\Programs\Python\Python312\Scripts\;C:\Users\Hp EliteBook\AppData\Local\Programs\Python\Python312\;C:\Users\Hp EliteBook\AppData\Local\Microsoft\WindowsApps;C:\Users\Hp EliteBook\AppData\Local\spicetify;C:\Users\Hp EliteBook\AppData\Local\Programs\Microsoft VS Code\bin;C:\Users\Hp EliteBook\AppData\Local\Microsoft\WindowsApps;C:\Program Files\MySQL\MySQL Server 8.0\bin;C:\Users\Hp EliteBook\.dotnet\tools;C:\SFML-2.6.2\bin;C:\Users\Hp EliteBook\OneDrive\Documents\Instituto Tecnologico de Oaxaca\6 Semestre\Graficacion\ProgramasVS\JuegoPacman\SFML-2.5.1\bin;C:\MinGW\mingw32\bin;C:\Users\Hp EliteBook\AppData\Local\reflex\bun\bin;C:\Users\Hp EliteBook\AppData\Local\gitkraken\bin;C:\ProgramData\Hp EliteBook\gitkraken\bin;C:\ghcup\bin;C:\Users\Hp EliteBook\AppData\Local\GitHubDesktop\bin;C:\Users\Hp EliteBook\AppData\Roaming\Composer\vendor\bin;C:\Users\Hp EliteBook\AppData\Roaming\npm;C:\Program Files\JetBrains\IntelliJ IDEA 2026.1.1\bin
USERNAME=Hp EliteBook
OS=Windows_NT
PROCESSOR_IDENTIFIER=Intel64 Family 6 Model 142 Stepping 12, GenuineIntel
TMP=C:\Users\HPELIT~1\AppData\Local\Temp
TEMP=C:\Users\HPELIT~1\AppData\Local\Temp




Compilation memory statistics disabled.

Periodic native trim disabled

JNI global refs:
JNI global refs: 0, weak refs: 0

JNI global refs memory usage: 0, weak refs: 0

Process memory usage:
Resident Set Size: 15948K (0% of 16587548K total physical memory with 885148K free physical memory)

OOME stack traces (most recent first):
Classloader memory used:

---------------  S Y S T E M  ---------------

OS:
 Windows 11 , 64 bit Build 26100 (10.0.26100.8246)
OS uptime: 0 days 5:04 hours
Hyper-V role detected

CPU: total 8 (initial active 8) (4 cores per cpu, 2 threads per core) family 6 model 142 stepping 12 microcode 0xf8, cx8, cmov, fxsr, ht, mmx, 3dnowpref, sse, sse2, sse3, ssse3, sse4.1, sse4.2, popcnt, lzcnt, tsc, tscinvbit, avx, avx2, aes, erms, clmul, bmi1, bmi2, adx, fma, vzeroupper, clflush, clflushopt, hv, rdtscp, f16c
Processor Information for processor 0
  Max Mhz: 2112, Current Mhz: 1508, Mhz Limit: 1900
Processor Information for processor 1
  Max Mhz: 2112, Current Mhz: 1508, Mhz Limit: 1900
Processor Information for processor 2
  Max Mhz: 2112, Current Mhz: 1508, Mhz Limit: 1900
Processor Information for processor 3
  Max Mhz: 2112, Current Mhz: 1910, Mhz Limit: 1900
Processor Information for processor 4
  Max Mhz: 2112, Current Mhz: 1508, Mhz Limit: 1900
Processor Information for processor 5
  Max Mhz: 2112, Current Mhz: 1508, Mhz Limit: 1900
Processor Information for processor 6
  Max Mhz: 2112, Current Mhz: 1508, Mhz Limit: 1900
Processor Information for processor 7
  Max Mhz: 2112, Current Mhz: 1508, Mhz Limit: 1900

Memory: 4k page, system-wide physical 16198M (864M free)
TotalPageFile size 33038M (AvailPageFile size 131M)
current process WorkingSet (physical memory assigned to process): 15M, peak: 15M
current process commit charge ("private bytes"): 61M, peak: 188M

vm_info: OpenJDK 64-Bit Server VM (25.0.2+1-b329.117) for windows-amd64 JRE (25.0.2+1-b329.117), built on 2026-04-20 with MS VC++ 17.14 (VS2022)

END.
